<?xml version="1.0" encoding="utf-8"?><testsuites name="pytest tests"><testsuite name="pytest" errors="0" failures="0" skipped="9" tests="12" time="6.504" timestamp="2025-06-15T03:23:14.041699+05:00" hostname="DESKTOP-4JOUCO2"><testcase classname="tests.test_loginform_1.TestLoginform" name="test_loginform_add_valid" time="0.001"><skipped type="pytest.skip" message="unconditional skip">C:\Users\surgu\Projects_github\test-authorization-block\tests\test_loginform_1.py:11: unconditional skip</skipped></testcase><testcase classname="tests.test_loginform_1.TestLoginform" name="test_loginform_add_invalid_login" time="0.001"><skipped type="pytest.skip" message="unconditional skip">C:\Users\surgu\Projects_github\test-authorization-block\tests\test_loginform_1.py:40: unconditional skip</skipped></testcase><testcase classname="tests.test_loginform_1.TestLoginform" name="test_loginform_add_invalid_password" time="0.001"><skipped type="pytest.skip" message="unconditional skip">C:\Users\surgu\Projects_github\test-authorization-block\tests\test_loginform_1.py:69: unconditional skip</skipped></testcase><testcase classname="tests.test_loginform_2.TestLoginform2" name="test_loginform_add_valid" time="0.001"><skipped type="pytest.skip" message="unconditional skip">C:\Users\surgu\Projects_github\test-authorization-block\tests\test_loginform_2.py:11: unconditional skip</skipped></testcase><testcase classname="tests.test_loginform_2.TestLoginform2" name="test_loginform_add_invalid_login" time="0.001"><skipped type="pytest.skip" message="unconditional skip">C:\Users\surgu\Projects_github\test-authorization-block\tests\test_loginform_2.py:27: unconditional skip</skipped></testcase><testcase classname="tests.test_loginform_2.TestLoginform2" name="test_loginform_add_invalid_password" time="0.001"><skipped type="pytest.skip" message="unconditional skip">C:\Users\surgu\Projects_github\test-authorization-block\tests\test_loginform_2.py:43: unconditional skip</skipped></testcase><testcase classname="tests.test_loginform_3.TestLoginform3" name="test_loginform_add_valid" time="0.001"><skipped type="pytest.skip" message="unconditional skip">C:\Users\surgu\Projects_github\test-authorization-block\tests\test_loginform_3.py:8: unconditional skip</skipped></testcase><testcase classname="tests.test_loginform_3.TestLoginform3" name="test_loginform_add_invalid_login" time="0.001"><skipped type="pytest.skip" message="unconditional skip">C:\Users\surgu\Projects_github\test-authorization-block\tests\test_loginform_3.py:17: unconditional skip</skipped></testcase><testcase classname="tests.test_loginform_3.TestLoginform3" name="test_loginform_add_invalid_password" time="0.001"><skipped type="pytest.skip" message="unconditional skip">C:\Users\surgu\Projects_github\test-authorization-block\tests\test_loginform_3.py:25: unconditional skip</skipped></testcase><testcase classname="tests.test_loginform_4.TestLoginform4" name="test_loginform_add_valid" time="3.268" /><testcase classname="tests.test_loginform_4.TestLoginform4" name="test_loginform_add_invalid_login" time="0.476" /><testcase classname="tests.test_loginform_4.TestLoginform4" name="test_loginform_add_invalid_password" time="2.689" /></testsuite></testsuites>